[0.011s] Invoking command in '/root/ws_limo_humble/build/limo_car': CMAKE_PREFIX_PATH=/opt/ros/humble /usr/bin/cmake /root/ws_limo_humble/src/limo_ros2/limo_car -DAMENT_CMAKE_SYMLINK_INSTALL=1 -DCMAKE_INSTALL_PREFIX=/root/ws_limo_humble/install/limo_car
[0.146s] -- The C compiler identification is GNU 11.4.0
[0.220s] -- The CXX compiler identification is GNU 11.4.0
[0.229s] -- Detecting C compiler ABI info
[0.292s] -- Detecting C compiler ABI info - done
[0.297s] -- Check for working C compiler: /usr/bin/cc - skipped
[0.297s] -- Detecting C compile features
[0.298s] -- Detecting C compile features - done
[0.301s] -- Detecting CXX compiler ABI info
[0.372s] -- Detecting CXX compiler ABI info - done
[0.377s] -- Check for working CXX compiler: /usr/bin/c++ - skipped
[0.377s] -- Detecting CXX compile features
[0.378s] -- Detecting CXX compile features - done
[0.382s] -- Found ament_cmake: 1.3.14 (/opt/ros/humble/share/ament_cmake/cmake)
[0.508s] -- Found Python3: /usr/bin/python3 (found version "3.10.12") found components: Interpreter 
[0.566s] -- Override CMake install command with custom implementation using symlinks instead of copying resources
[0.604s] -- Found ament_lint_auto: 0.12.15 (/opt/ros/humble/share/ament_lint_auto/cmake)
[0.697s] -- Added test 'flake8' to check Python code syntax and style conventions
[0.699s] -- Added test 'lint_cmake' to check CMake code style
[0.700s] -- Added test 'pep257' to check Python code against some of the docstring style conventions in PEP 257
[0.705s] -- Added test 'xmllint' to check XML markup files
[0.707s] -- Configuring done
[0.711s] -- Generating done
[0.712s] -- Build files have been written to: /root/ws_limo_humble/build/limo_car
[0.716s] Invoked command in '/root/ws_limo_humble/build/limo_car' returned '0': CMAKE_PREFIX_PATH=/opt/ros/humble /usr/bin/cmake /root/ws_limo_humble/src/limo_ros2/limo_car -DAMENT_CMAKE_SYMLINK_INSTALL=1 -DCMAKE_INSTALL_PREFIX=/root/ws_limo_humble/install/limo_car
[0.718s] Invoking command in '/root/ws_limo_humble/build/limo_car': CMAKE_PREFIX_PATH=/opt/ros/humble /usr/bin/cmake --build /root/ws_limo_humble/build/limo_car -- -j12 -l12
[0.752s] Invoked command in '/root/ws_limo_humble/build/limo_car' returned '0': CMAKE_PREFIX_PATH=/opt/ros/humble /usr/bin/cmake --build /root/ws_limo_humble/build/limo_car -- -j12 -l12
[0.753s] Invoking command in '/root/ws_limo_humble/build/limo_car': CMAKE_PREFIX_PATH=/opt/ros/humble /usr/bin/cmake --install /root/ws_limo_humble/build/limo_car
[0.759s] -- Install configuration: ""
[0.760s] -- Execute custom install script
[0.761s] -- Symlinking: /root/ws_limo_humble/install/limo_car/share/limo_car/launch/__pycache__/ackermann_diagnostics.launch.cpython-310.pyc
[0.769s] -- Symlinking: /root/ws_limo_humble/install/limo_car/share/limo_car/launch/__pycache__/roboracer_sim.launch.cpython-310.pyc
[0.776s] -- Symlinking: /root/ws_limo_humble/install/limo_car/share/limo_car/launch/ackermann.launch.py
[0.783s] -- Symlinking: /root/ws_limo_humble/install/limo_car/share/limo_car/launch/ackermann_gazebo.launch.py
[0.792s] -- Symlinking: /root/ws_limo_humble/install/limo_car/share/limo_car/launch/display_ackermann.launch.py
[0.799s] -- Symlinking: /root/ws_limo_humble/install/limo_car/share/limo_car/launch/four_diff.launch.py
[0.808s] -- Symlinking: /root/ws_limo_humble/install/limo_car/share/limo_car/launch/roboracer_4diff_sim.launch.py
[0.816s] -- Symlinking: /root/ws_limo_humble/install/limo_car/share/limo_car/launch/roboracer_sim.launch.py
[0.825s] -- Symlinking: /root/ws_limo_humble/install/limo_car/share/limo_car/gazebo/ackermann.xacro
[0.834s] -- Symlinking: /root/ws_limo_humble/install/limo_car/share/limo_car/gazebo/ackermann_with_sensor.xacro
[0.843s] -- Symlinking: /root/ws_limo_humble/install/limo_car/share/limo_car/gazebo/four_diff.xacro
[0.850s] -- Symlinking: /root/ws_limo_humble/install/limo_car/share/limo_car/gazebo/four_diff_with_sensor.xacro
[0.858s] -- Symlinking: /root/ws_limo_humble/install/limo_car/share/limo_car/gazebo/sensor.xacro
[0.865s] -- Symlinking: /root/ws_limo_humble/install/limo_car/share/limo_car/meshes/limo_base.dae
[0.873s] -- Symlinking: /root/ws_limo_humble/install/limo_car/share/limo_car/meshes/limo_base.stl
[0.881s] -- Symlinking: /root/ws_limo_humble/install/limo_car/share/limo_car/meshes/limo_wheel.dae
[0.890s] -- Symlinking: /root/ws_limo_humble/install/limo_car/share/limo_car/meshes/limo_wheel.stl
[0.899s] -- Symlinking: /root/ws_limo_humble/install/limo_car/share/limo_car/rviz/gazebo.rviz
[0.908s] -- Symlinking: /root/ws_limo_humble/install/limo_car/share/limo_car/rviz/urdf.rviz
[0.915s] -- Symlinking: /root/ws_limo_humble/install/limo_car/share/limo_car/urdf/limo_ackerman_base.xacro
[0.923s] -- Symlinking: /root/ws_limo_humble/install/limo_car/share/limo_car/urdf/limo_anteil.xacro
[0.931s] -- Symlinking: /root/ws_limo_humble/install/limo_car/share/limo_car/urdf/limo_steering_hinge.xacro
[0.940s] -- Symlinking: /root/ws_limo_humble/install/limo_car/share/limo_car/worlds/roboracer/ifac_roboracer.world
[0.948s] -- Symlinking: /root/ws_limo_humble/install/limo_car/share/limo_car/worlds/roboracer/ifac_roboracer_heightmap.png
[0.956s] -- Symlinking: /root/ws_limo_humble/install/limo_car/lib/limo_car/ackermann_twist_adapter.py
[0.964s] -- Symlinking: /root/ws_limo_humble/install/limo_car/share/ament_index/resource_index/package_run_dependencies/limo_car
[0.972s] -- Symlinking: /root/ws_limo_humble/install/limo_car/share/ament_index/resource_index/parent_prefix_path/limo_car
[0.979s] -- Symlinking: /root/ws_limo_humble/install/limo_car/share/limo_car/environment/ament_prefix_path.sh
[0.986s] -- Symlinking: /root/ws_limo_humble/install/limo_car/share/limo_car/environment/ament_prefix_path.dsv
[0.994s] -- Symlinking: /root/ws_limo_humble/install/limo_car/share/limo_car/environment/path.sh
[1.001s] -- Symlinking: /root/ws_limo_humble/install/limo_car/share/limo_car/environment/path.dsv
[1.010s] -- Symlinking: /root/ws_limo_humble/install/limo_car/share/limo_car/local_setup.bash
[1.018s] -- Symlinking: /root/ws_limo_humble/install/limo_car/share/limo_car/local_setup.sh
[1.037s] -- Symlinking: /root/ws_limo_humble/install/limo_car/share/limo_car/local_setup.zsh
[1.037s] -- Symlinking: /root/ws_limo_humble/install/limo_car/share/limo_car/local_setup.dsv
[1.043s] -- Symlinking: /root/ws_limo_humble/install/limo_car/share/limo_car/package.dsv
[1.051s] -- Symlinking: /root/ws_limo_humble/install/limo_car/share/ament_index/resource_index/packages/limo_car
[1.059s] -- Symlinking: /root/ws_limo_humble/install/limo_car/share/limo_car/cmake/limo_carConfig.cmake
[1.067s] -- Symlinking: /root/ws_limo_humble/install/limo_car/share/limo_car/cmake/limo_carConfig-version.cmake
[1.075s] -- Symlinking: /root/ws_limo_humble/install/limo_car/share/limo_car/package.xml
[1.085s] Invoked command in '/root/ws_limo_humble/build/limo_car' returned '0': CMAKE_PREFIX_PATH=/opt/ros/humble /usr/bin/cmake --install /root/ws_limo_humble/build/limo_car
