[0.191s] DEBUG:colcon:Command line arguments: ['/usr/bin/colcon', 'build', '--symlink-install']
[0.191s] DEBUG:colcon:Parsed command line arguments: Namespace(log_base=None, log_level=None, verb_name='build', build_base='build', install_base='install', merge_install=False, symlink_install=True, test_result_base=None, continue_on_error=False, executor='parallel', parallel_workers=12, event_handlers=None, ignore_user_meta=False, metas=['./colcon.meta'], base_paths=['.'], packages_ignore=None, packages_ignore_regex=None, paths=None, packages_up_to=None, packages_up_to_regex=None, packages_above=None, packages_above_and_dependencies=None, packages_above_depth=None, packages_select_by_dep=None, packages_skip_by_dep=None, packages_skip_up_to=None, packages_select_build_failed=False, packages_skip_build_finished=False, packages_select_test_failures=False, packages_skip_test_passed=False, packages_select=None, packages_skip=None, packages_select_regex=None, packages_skip_regex=None, packages_start=None, packages_end=None, cmake_args=None, cmake_target=None, cmake_target_skip_unavailable=False, cmake_clean_cache=False, cmake_clean_first=False, cmake_force_configure=False, ament_cmake_args=None, catkin_cmake_args=None, catkin_skip_building_tests=False, mixin_files=None, mixin=None, verb_parser=<colcon_mixin.mixin.mixin_argument.MixinArgumentDecorator object at 0x7a551a68b7c0>, verb_extension=<colcon_core.verb.build.BuildVerb object at 0x7a551a68b130>, main=<bound method BuildVerb.main of <colcon_core.verb.build.BuildVerb object at 0x7a551a68b130>>, mixin_verb=('build',))
[0.353s] Level 1:colcon.colcon_core.package_discovery:discover_packages(colcon_meta) check parameters
[0.354s] INFO:colcon.colcon_metadata.package_discovery.colcon_meta:Using configuration from '/root/.colcon/metadata/default/Gazebo.meta'
[0.355s] INFO:colcon.colcon_metadata.package_discovery.colcon_meta:Using configuration from '/root/.colcon/metadata/default/fastdds.meta'
[0.355s] INFO:colcon.colcon_metadata.package_discovery.colcon_meta:Using configuration from '/root/.colcon/metadata/default/fastrtps.meta'
[0.355s] Level 1:colcon.colcon_core.package_discovery:discover_packages(recursive) check parameters
[0.355s] Level 1:colcon.colcon_core.package_discovery:discover_packages(ignore) check parameters
[0.355s] Level 1:colcon.colcon_core.package_discovery:discover_packages(path) check parameters
[0.355s] Level 1:colcon.colcon_core.package_discovery:discover_packages(colcon_meta) discover
[0.355s] Level 1:colcon.colcon_core.package_discovery:discover_packages(recursive) discover
[0.355s] INFO:colcon.colcon_core.package_discovery:Crawling recursively for packages in '/root/ws_limo_humble'
[0.355s] Level 1:colcon.colcon_core.package_identification:_identify(.) by extensions ['ignore', 'ignore_ament_install']
[0.355s] Level 1:colcon.colcon_core.package_identification:_identify(.) by extension 'ignore'
[0.355s] Level 1:colcon.colcon_core.package_identification:_identify(.) by extension 'ignore_ament_install'
[0.356s] Level 1:colcon.colcon_core.package_identification:_identify(.) by extensions ['colcon_pkg']
[0.356s] Level 1:colcon.colcon_core.package_identification:_identify(.) by extension 'colcon_pkg'
[0.356s] Level 1:colcon.colcon_core.package_identification:_identify(.) by extensions ['colcon_meta']
[0.356s] Level 1:colcon.colcon_core.package_identification:_identify(.) by extension 'colcon_meta'
[0.356s] Level 1:colcon.colcon_core.package_identification:_identify(.) by extensions ['ros']
[0.356s] Level 1:colcon.colcon_core.package_identification:_identify(.) by extension 'ros'
[0.366s] Level 1:colcon.colcon_core.package_identification:_identify(.) by extensions ['cmake', 'python']
[0.366s] Level 1:colcon.colcon_core.package_identification:_identify(.) by extension 'cmake'
[0.366s] Level 1:colcon.colcon_core.package_identification:_identify(.) by extension 'python'
[0.366s] Level 1:colcon.colcon_core.package_identification:_identify(.) by extensions ['python_setup_py']
[0.366s] Level 1:colcon.colcon_core.package_identification:_identify(.) by extension 'python_setup_py'
[0.366s] Level 1:colcon.colcon_core.package_identification:_identify(build) by extensions ['ignore', 'ignore_ament_install']
[0.366s] Level 1:colcon.colcon_core.package_identification:_identify(build) by extension 'ignore'
[0.366s] Level 1:colcon.colcon_core.package_identification:_identify(build) ignored
[0.366s] Level 1:colcon.colcon_core.package_identification:_identify(install) by extensions ['ignore', 'ignore_ament_install']
[0.366s] Level 1:colcon.colcon_core.package_identification:_identify(install) by extension 'ignore'
[0.366s] Level 1:colcon.colcon_core.package_identification:_identify(install) ignored
[0.366s] Level 1:colcon.colcon_core.package_identification:_identify(log) by extensions ['ignore', 'ignore_ament_install']
[0.367s] Level 1:colcon.colcon_core.package_identification:_identify(log) by extension 'ignore'
[0.367s] Level 1:colcon.colcon_core.package_identification:_identify(log) ignored
[0.367s] Level 1:colcon.colcon_core.package_identification:_identify(src) by extensions ['ignore', 'ignore_ament_install']
[0.367s] Level 1:colcon.colcon_core.package_identification:_identify(src) by extension 'ignore'
[0.367s] Level 1:colcon.colcon_core.package_identification:_identify(src) by extension 'ignore_ament_install'
[0.367s] Level 1:colcon.colcon_core.package_identification:_identify(src) by extensions ['colcon_pkg']
[0.367s] Level 1:colcon.colcon_core.package_identification:_identify(src) by extension 'colcon_pkg'
[0.367s] Level 1:colcon.colcon_core.package_identification:_identify(src) by extensions ['colcon_meta']
[0.367s] Level 1:colcon.colcon_core.package_identification:_identify(src) by extension 'colcon_meta'
[0.367s] Level 1:colcon.colcon_core.package_identification:_identify(src) by extensions ['ros']
[0.367s] Level 1:colcon.colcon_core.package_identification:_identify(src) by extension 'ros'
[0.367s] Level 1:colcon.colcon_core.package_identification:_identify(src) by extensions ['cmake', 'python']
[0.367s] Level 1:colcon.colcon_core.package_identification:_identify(src) by extension 'cmake'
[0.367s] Level 1:colcon.colcon_core.package_identification:_identify(src) by extension 'python'
[0.367s] Level 1:colcon.colcon_core.package_identification:_identify(src) by extensions ['python_setup_py']
[0.367s] Level 1:colcon.colcon_core.package_identification:_identify(src) by extension 'python_setup_py'
[0.367s] Level 1:colcon.colcon_core.package_identification:_identify(src/limo_ros2) by extensions ['ignore', 'ignore_ament_install']
[0.367s] Level 1:colcon.colcon_core.package_identification:_identify(src/limo_ros2) by extension 'ignore'
[0.367s] Level 1:colcon.colcon_core.package_identification:_identify(src/limo_ros2) by extension 'ignore_ament_install'
[0.367s] Level 1:colcon.colcon_core.package_identification:_identify(src/limo_ros2) by extensions ['colcon_pkg']
[0.367s] Level 1:colcon.colcon_core.package_identification:_identify(src/limo_ros2) by extension 'colcon_pkg'
[0.368s] Level 1:colcon.colcon_core.package_identification:_identify(src/limo_ros2) by extensions ['colcon_meta']
[0.368s] Level 1:colcon.colcon_core.package_identification:_identify(src/limo_ros2) by extension 'colcon_meta'
[0.368s] Level 1:colcon.colcon_core.package_identification:_identify(src/limo_ros2) by extensions ['ros']
[0.368s] Level 1:colcon.colcon_core.package_identification:_identify(src/limo_ros2) by extension 'ros'
[0.368s] Level 1:colcon.colcon_core.package_identification:_identify(src/limo_ros2) by extensions ['cmake', 'python']
[0.368s] Level 1:colcon.colcon_core.package_identification:_identify(src/limo_ros2) by extension 'cmake'
[0.368s] Level 1:colcon.colcon_core.package_identification:_identify(src/limo_ros2) by extension 'python'
[0.368s] Level 1:colcon.colcon_core.package_identification:_identify(src/limo_ros2) by extensions ['python_setup_py']
[0.368s] Level 1:colcon.colcon_core.package_identification:_identify(src/limo_ros2) by extension 'python_setup_py'
[0.368s] Level 1:colcon.colcon_core.package_identification:_identify(src/limo_ros2/limo_base) by extensions ['ignore', 'ignore_ament_install']
[0.368s] Level 1:colcon.colcon_core.package_identification:_identify(src/limo_ros2/limo_base) by extension 'ignore'
[0.368s] Level 1:colcon.colcon_core.package_identification:_identify(src/limo_ros2/limo_base) by extension 'ignore_ament_install'
[0.368s] Level 1:colcon.colcon_core.package_identification:_identify(src/limo_ros2/limo_base) by extensions ['colcon_pkg']
[0.368s] Level 1:colcon.colcon_core.package_identification:_identify(src/limo_ros2/limo_base) by extension 'colcon_pkg'
[0.368s] Level 1:colcon.colcon_core.package_identification:_identify(src/limo_ros2/limo_base) by extensions ['colcon_meta']
[0.368s] Level 1:colcon.colcon_core.package_identification:_identify(src/limo_ros2/limo_base) by extension 'colcon_meta'
[0.368s] Level 1:colcon.colcon_core.package_identification:_identify(src/limo_ros2/limo_base) by extensions ['ros']
[0.368s] Level 1:colcon.colcon_core.package_identification:_identify(src/limo_ros2/limo_base) by extension 'ros'
[0.371s] DEBUG:colcon.colcon_core.package_identification:Package 'src/limo_ros2/limo_base' with type 'ros.ament_cmake' and name 'limo_base'
[0.371s] Level 1:colcon.colcon_core.package_identification:_identify(src/limo_ros2/limo_car) by extensions ['ignore', 'ignore_ament_install']
[0.371s] Level 1:colcon.colcon_core.package_identification:_identify(src/limo_ros2/limo_car) by extension 'ignore'
[0.371s] Level 1:colcon.colcon_core.package_identification:_identify(src/limo_ros2/limo_car) by extension 'ignore_ament_install'
[0.371s] Level 1:colcon.colcon_core.package_identification:_identify(src/limo_ros2/limo_car) by extensions ['colcon_pkg']
[0.371s] Level 1:colcon.colcon_core.package_identification:_identify(src/limo_ros2/limo_car) by extension 'colcon_pkg'
[0.371s] Level 1:colcon.colcon_core.package_identification:_identify(src/limo_ros2/limo_car) by extensions ['colcon_meta']
[0.371s] Level 1:colcon.colcon_core.package_identification:_identify(src/limo_ros2/limo_car) by extension 'colcon_meta'
[0.371s] Level 1:colcon.colcon_core.package_identification:_identify(src/limo_ros2/limo_car) by extensions ['ros']
[0.371s] Level 1:colcon.colcon_core.package_identification:_identify(src/limo_ros2/limo_car) by extension 'ros'
[0.372s] DEBUG:colcon.colcon_core.package_identification:Package 'src/limo_ros2/limo_car' with type 'ros.ament_cmake' and name 'limo_car'
[0.372s] Level 1:colcon.colcon_core.package_identification:_identify(src/limo_ros2/limo_description) by extensions ['ignore', 'ignore_ament_install']
[0.372s] Level 1:colcon.colcon_core.package_identification:_identify(src/limo_ros2/limo_description) by extension 'ignore'
[0.372s] Level 1:colcon.colcon_core.package_identification:_identify(src/limo_ros2/limo_description) by extension 'ignore_ament_install'
[0.372s] Level 1:colcon.colcon_core.package_identification:_identify(src/limo_ros2/limo_description) by extensions ['colcon_pkg']
[0.372s] Level 1:colcon.colcon_core.package_identification:_identify(src/limo_ros2/limo_description) by extension 'colcon_pkg'
[0.372s] Level 1:colcon.colcon_core.package_identification:_identify(src/limo_ros2/limo_description) by extensions ['colcon_meta']
[0.372s] Level 1:colcon.colcon_core.package_identification:_identify(src/limo_ros2/limo_description) by extension 'colcon_meta'
[0.372s] Level 1:colcon.colcon_core.package_identification:_identify(src/limo_ros2/limo_description) by extensions ['ros']
[0.372s] Level 1:colcon.colcon_core.package_identification:_identify(src/limo_ros2/limo_description) by extension 'ros'
[0.373s] DEBUG:colcon.colcon_core.package_identification:Package 'src/limo_ros2/limo_description' with type 'ros.ament_cmake' and name 'limo_description'
[0.373s] Level 1:colcon.colcon_core.package_identification:_identify(src/limo_ros2/limo_msgs) by extensions ['ignore', 'ignore_ament_install']
[0.373s] Level 1:colcon.colcon_core.package_identification:_identify(src/limo_ros2/limo_msgs) by extension 'ignore'
[0.373s] Level 1:colcon.colcon_core.package_identification:_identify(src/limo_ros2/limo_msgs) by extension 'ignore_ament_install'
[0.373s] Level 1:colcon.colcon_core.package_identification:_identify(src/limo_ros2/limo_msgs) by extensions ['colcon_pkg']
[0.373s] Level 1:colcon.colcon_core.package_identification:_identify(src/limo_ros2/limo_msgs) by extension 'colcon_pkg'
[0.373s] Level 1:colcon.colcon_core.package_identification:_identify(src/limo_ros2/limo_msgs) by extensions ['colcon_meta']
[0.373s] Level 1:colcon.colcon_core.package_identification:_identify(src/limo_ros2/limo_msgs) by extension 'colcon_meta'
[0.373s] Level 1:colcon.colcon_core.package_identification:_identify(src/limo_ros2/limo_msgs) by extensions ['ros']
[0.373s] Level 1:colcon.colcon_core.package_identification:_identify(src/limo_ros2/limo_msgs) by extension 'ros'
[0.374s] DEBUG:colcon.colcon_core.package_identification:Package 'src/limo_ros2/limo_msgs' with type 'ros.ament_cmake' and name 'limo_msgs'
[0.374s] Level 1:colcon.colcon_core.package_discovery:discover_packages(recursive) using defaults
[0.374s] Level 1:colcon.colcon_core.package_discovery:discover_packages(ignore) discover
[0.374s] Level 1:colcon.colcon_core.package_discovery:discover_packages(ignore) using defaults
[0.374s] Level 1:colcon.colcon_core.package_discovery:discover_packages(path) discover
[0.374s] Level 1:colcon.colcon_core.package_discovery:discover_packages(path) using defaults
[0.396s] Level 5:colcon.colcon_core.verb:set package 'limo_car' build argument 'cmake_args' from command line to 'None'
[0.396s] Level 5:colcon.colcon_core.verb:set package 'limo_car' build argument 'cmake_target' from command line to 'None'
[0.396s] Level 5:colcon.colcon_core.verb:set package 'limo_car' build argument 'cmake_target_skip_unavailable' from command line to 'False'
[0.396s] Level 5:colcon.colcon_core.verb:set package 'limo_car' build argument 'cmake_clean_cache' from command line to 'False'
[0.396s] Level 5:colcon.colcon_core.verb:set package 'limo_car' build argument 'cmake_clean_first' from command line to 'False'
[0.397s] Level 5:colcon.colcon_core.verb:set package 'limo_car' build argument 'cmake_force_configure' from command line to 'False'
[0.397s] Level 5:colcon.colcon_core.verb:set package 'limo_car' build argument 'ament_cmake_args' from command line to 'None'
[0.397s] Level 5:colcon.colcon_core.verb:set package 'limo_car' build argument 'catkin_cmake_args' from command line to 'None'
[0.397s] Level 5:colcon.colcon_core.verb:set package 'limo_car' build argument 'catkin_skip_building_tests' from command line to 'False'
[0.397s] DEBUG:colcon.colcon_core.verb:Building package 'limo_car' with the following arguments: {'ament_cmake_args': None, 'build_base': '/root/ws_limo_humble/build/limo_car', 'catkin_cmake_args': None, 'catkin_skip_building_tests': False, 'cmake_args': None, 'cmake_clean_cache': False, 'cmake_clean_first': False, 'cmake_force_configure': False, 'cmake_target': None, 'cmake_target_skip_unavailable': False, 'install_base': '/root/ws_limo_humble/install/limo_car', 'merge_install': False, 'path': '/root/ws_limo_humble/src/limo_ros2/limo_car', 'symlink_install': True, 'test_result_base': None}
[0.397s] Level 5:colcon.colcon_core.verb:set package 'limo_description' build argument 'cmake_args' from command line to 'None'
[0.397s] Level 5:colcon.colcon_core.verb:set package 'limo_description' build argument 'cmake_target' from command line to 'None'
[0.397s] Level 5:colcon.colcon_core.verb:set package 'limo_description' build argument 'cmake_target_skip_unavailable' from command line to 'False'
[0.397s] Level 5:colcon.colcon_core.verb:set package 'limo_description' build argument 'cmake_clean_cache' from command line to 'False'
[0.397s] Level 5:colcon.colcon_core.verb:set package 'limo_description' build argument 'cmake_clean_first' from command line to 'False'
[0.397s] Level 5:colcon.colcon_core.verb:set package 'limo_description' build argument 'cmake_force_configure' from command line to 'False'
[0.397s] Level 5:colcon.colcon_core.verb:set package 'limo_description' build argument 'ament_cmake_args' from command line to 'None'
[0.397s] Level 5:colcon.colcon_core.verb:set package 'limo_description' build argument 'catkin_cmake_args' from command line to 'None'
[0.397s] Level 5:colcon.colcon_core.verb:set package 'limo_description' build argument 'catkin_skip_building_tests' from command line to 'False'
[0.397s] DEBUG:colcon.colcon_core.verb:Building package 'limo_description' with the following arguments: {'ament_cmake_args': None, 'build_base': '/root/ws_limo_humble/build/limo_description', 'catkin_cmake_args': None, 'catkin_skip_building_tests': False, 'cmake_args': None, 'cmake_clean_cache': False, 'cmake_clean_first': False, 'cmake_force_configure': False, 'cmake_target': None, 'cmake_target_skip_unavailable': False, 'install_base': '/root/ws_limo_humble/install/limo_description', 'merge_install': False, 'path': '/root/ws_limo_humble/src/limo_ros2/limo_description', 'symlink_install': True, 'test_result_base': None}
[0.398s] Level 5:colcon.colcon_core.verb:set package 'limo_msgs' build argument 'cmake_args' from command line to 'None'
[0.398s] Level 5:colcon.colcon_core.verb:set package 'limo_msgs' build argument 'cmake_target' from command line to 'None'
[0.398s] Level 5:colcon.colcon_core.verb:set package 'limo_msgs' build argument 'cmake_target_skip_unavailable' from command line to 'False'
[0.398s] Level 5:colcon.colcon_core.verb:set package 'limo_msgs' build argument 'cmake_clean_cache' from command line to 'False'
[0.398s] Level 5:colcon.colcon_core.verb:set package 'limo_msgs' build argument 'cmake_clean_first' from command line to 'False'
[0.398s] Level 5:colcon.colcon_core.verb:set package 'limo_msgs' build argument 'cmake_force_configure' from command line to 'False'
[0.398s] Level 5:colcon.colcon_core.verb:set package 'limo_msgs' build argument 'ament_cmake_args' from command line to 'None'
[0.398s] Level 5:colcon.colcon_core.verb:set package 'limo_msgs' build argument 'catkin_cmake_args' from command line to 'None'
[0.398s] Level 5:colcon.colcon_core.verb:set package 'limo_msgs' build argument 'catkin_skip_building_tests' from command line to 'False'
[0.398s] DEBUG:colcon.colcon_core.verb:Building package 'limo_msgs' with the following arguments: {'ament_cmake_args': None, 'build_base': '/root/ws_limo_humble/build/limo_msgs', 'catkin_cmake_args': None, 'catkin_skip_building_tests': False, 'cmake_args': None, 'cmake_clean_cache': False, 'cmake_clean_first': False, 'cmake_force_configure': False, 'cmake_target': None, 'cmake_target_skip_unavailable': False, 'install_base': '/root/ws_limo_humble/install/limo_msgs', 'merge_install': False, 'path': '/root/ws_limo_humble/src/limo_ros2/limo_msgs', 'symlink_install': True, 'test_result_base': None}
[0.398s] Level 5:colcon.colcon_core.verb:set package 'limo_base' build argument 'cmake_args' from command line to 'None'
[0.398s] Level 5:colcon.colcon_core.verb:set package 'limo_base' build argument 'cmake_target' from command line to 'None'
[0.398s] Level 5:colcon.colcon_core.verb:set package 'limo_base' build argument 'cmake_target_skip_unavailable' from command line to 'False'
[0.398s] Level 5:colcon.colcon_core.verb:set package 'limo_base' build argument 'cmake_clean_cache' from command line to 'False'
[0.398s] Level 5:colcon.colcon_core.verb:set package 'limo_base' build argument 'cmake_clean_first' from command line to 'False'
[0.398s] Level 5:colcon.colcon_core.verb:set package 'limo_base' build argument 'cmake_force_configure' from command line to 'False'
[0.398s] Level 5:colcon.colcon_core.verb:set package 'limo_base' build argument 'ament_cmake_args' from command line to 'None'
[0.398s] Level 5:colcon.colcon_core.verb:set package 'limo_base' build argument 'catkin_cmake_args' from command line to 'None'
[0.398s] Level 5:colcon.colcon_core.verb:set package 'limo_base' build argument 'catkin_skip_building_tests' from command line to 'False'
[0.398s] DEBUG:colcon.colcon_core.verb:Building package 'limo_base' with the following arguments: {'ament_cmake_args': None, 'build_base': '/root/ws_limo_humble/build/limo_base', 'catkin_cmake_args': None, 'catkin_skip_building_tests': False, 'cmake_args': None, 'cmake_clean_cache': False, 'cmake_clean_first': False, 'cmake_force_configure': False, 'cmake_target': None, 'cmake_target_skip_unavailable': False, 'install_base': '/root/ws_limo_humble/install/limo_base', 'merge_install': False, 'path': '/root/ws_limo_humble/src/limo_ros2/limo_base', 'symlink_install': True, 'test_result_base': None}
[0.399s] INFO:colcon.colcon_core.executor:Executing jobs using 'parallel' executor
[0.399s] DEBUG:colcon.colcon_parallel_executor.executor.parallel:run_until_complete
[0.400s] INFO:colcon.colcon_ros.task.ament_cmake.build:Building ROS package in '/root/ws_limo_humble/src/limo_ros2/limo_msgs' with build type 'ament_cmake'
[0.400s] INFO:colcon.colcon_cmake.task.cmake.build:Building CMake package in '/root/ws_limo_humble/src/limo_ros2/limo_msgs'
[0.403s] INFO:colcon.colcon_core.plugin_system:Skipping extension 'colcon_core.shell.bat': Not used on non-Windows systems
[0.404s] INFO:colcon.colcon_core.shell:Skip shell extension 'powershell' for command environment: Not usable outside of PowerShell
[0.404s] DEBUG:colcon.colcon_core.shell:Skip shell extension 'dsv' for command environment
[0.408s] INFO:colcon.colcon_ros.task.ament_cmake.build:Building ROS package in '/root/ws_limo_humble/src/limo_ros2/limo_car' with build type 'ament_cmake'
[0.409s] INFO:colcon.colcon_cmake.task.cmake.build:Building CMake package in '/root/ws_limo_humble/src/limo_ros2/limo_car'
[0.409s] INFO:colcon.colcon_core.shell:Skip shell extension 'powershell' for command environment: Not usable outside of PowerShell
[0.409s] DEBUG:colcon.colcon_core.shell:Skip shell extension 'dsv' for command environment
[0.411s] INFO:colcon.colcon_ros.task.ament_cmake.build:Building ROS package in '/root/ws_limo_humble/src/limo_ros2/limo_description' with build type 'ament_cmake'
[0.412s] INFO:colcon.colcon_cmake.task.cmake.build:Building CMake package in '/root/ws_limo_humble/src/limo_ros2/limo_description'
[0.412s] INFO:colcon.colcon_core.shell:Skip shell extension 'powershell' for command environment: Not usable outside of PowerShell
[0.412s] DEBUG:colcon.colcon_core.shell:Skip shell extension 'dsv' for command environment
[0.416s] DEBUG:colcon.colcon_core.event_handler.log_command:Invoking command in '/root/ws_limo_humble/build/limo_msgs': CMAKE_PREFIX_PATH=/opt/ros/humble /usr/bin/cmake /root/ws_limo_humble/src/limo_ros2/limo_msgs -DAMENT_CMAKE_SYMLINK_INSTALL=1 -DCMAKE_INSTALL_PREFIX=/root/ws_limo_humble/install/limo_msgs
[0.419s] DEBUG:colcon.colcon_core.event_handler.log_command:Invoking command in '/root/ws_limo_humble/build/limo_car': CMAKE_PREFIX_PATH=/opt/ros/humble /usr/bin/cmake /root/ws_limo_humble/src/limo_ros2/limo_car -DAMENT_CMAKE_SYMLINK_INSTALL=1 -DCMAKE_INSTALL_PREFIX=/root/ws_limo_humble/install/limo_car
[0.421s] DEBUG:colcon.colcon_core.event_handler.log_command:Invoking command in '/root/ws_limo_humble/build/limo_description': CMAKE_PREFIX_PATH=/opt/ros/humble /usr/bin/cmake /root/ws_limo_humble/src/limo_ros2/limo_description -DAMENT_CMAKE_SYMLINK_INSTALL=1 -DCMAKE_INSTALL_PREFIX=/root/ws_limo_humble/install/limo_description
[1.107s] DEBUG:colcon.colcon_core.event_handler.log_command:Invoked command in '/root/ws_limo_humble/build/limo_description' returned '0': CMAKE_PREFIX_PATH=/opt/ros/humble /usr/bin/cmake /root/ws_limo_humble/src/limo_ros2/limo_description -DAMENT_CMAKE_SYMLINK_INSTALL=1 -DCMAKE_INSTALL_PREFIX=/root/ws_limo_humble/install/limo_description
[1.109s] DEBUG:colcon.colcon_core.event_handler.log_command:Invoking command in '/root/ws_limo_humble/build/limo_description': CMAKE_PREFIX_PATH=/opt/ros/humble /usr/bin/cmake --build /root/ws_limo_humble/build/limo_description -- -j12 -l12
[1.125s] DEBUG:colcon.colcon_core.event_handler.log_command:Invoked command in '/root/ws_limo_humble/build/limo_car' returned '0': CMAKE_PREFIX_PATH=/opt/ros/humble /usr/bin/cmake /root/ws_limo_humble/src/limo_ros2/limo_car -DAMENT_CMAKE_SYMLINK_INSTALL=1 -DCMAKE_INSTALL_PREFIX=/root/ws_limo_humble/install/limo_car
[1.127s] DEBUG:colcon.colcon_core.event_handler.log_command:Invoking command in '/root/ws_limo_humble/build/limo_car': CMAKE_PREFIX_PATH=/opt/ros/humble /usr/bin/cmake --build /root/ws_limo_humble/build/limo_car -- -j12 -l12
[1.145s] DEBUG:colcon.colcon_core.event_handler.log_command:Invoked command in '/root/ws_limo_humble/build/limo_description' returned '0': CMAKE_PREFIX_PATH=/opt/ros/humble /usr/bin/cmake --build /root/ws_limo_humble/build/limo_description -- -j12 -l12
[1.153s] DEBUG:colcon.colcon_core.event_handler.log_command:Invoking command in '/root/ws_limo_humble/build/limo_description': CMAKE_PREFIX_PATH=/opt/ros/humble /usr/bin/cmake --install /root/ws_limo_humble/build/limo_description
[1.161s] DEBUG:colcon.colcon_core.event_handler.log_command:Invoked command in '/root/ws_limo_humble/build/limo_car' returned '0': CMAKE_PREFIX_PATH=/opt/ros/humble /usr/bin/cmake --build /root/ws_limo_humble/build/limo_car -- -j12 -l12
[1.162s] DEBUG:colcon.colcon_core.event_handler.log_command:Invoking command in '/root/ws_limo_humble/build/limo_car': CMAKE_PREFIX_PATH=/opt/ros/humble /usr/bin/cmake --install /root/ws_limo_humble/build/limo_car
[1.412s] Level 1:colcon.colcon_core.environment:create_environment_scripts_only(limo_description)
[1.413s] DEBUG:colcon.colcon_core.event_handler.log_command:Invoked command in '/root/ws_limo_humble/build/limo_description' returned '0': CMAKE_PREFIX_PATH=/opt/ros/humble /usr/bin/cmake --install /root/ws_limo_humble/build/limo_description
[1.418s] Level 1:colcon.colcon_core.environment:checking '/root/ws_limo_humble/install/limo_description' for CMake module files
[1.419s] Level 1:colcon.colcon_core.environment:checking '/root/ws_limo_humble/install/limo_description' for CMake config files
[1.419s] Level 1:colcon.colcon_core.shell:create_environment_hook('limo_description', 'cmake_prefix_path')
[1.419s] INFO:colcon.colcon_core.shell:Creating environment hook '/root/ws_limo_humble/install/limo_description/share/limo_description/hook/cmake_prefix_path.ps1'
[1.420s] INFO:colcon.colcon_core.shell:Creating environment descriptor '/root/ws_limo_humble/install/limo_description/share/limo_description/hook/cmake_prefix_path.dsv'
[1.421s] INFO:colcon.colcon_core.shell:Creating environment hook '/root/ws_limo_humble/install/limo_description/share/limo_description/hook/cmake_prefix_path.sh'
[1.422s] Level 1:colcon.colcon_core.environment:checking '/root/ws_limo_humble/install/limo_description/bin'
[1.422s] Level 1:colcon.colcon_core.environment:checking '/root/ws_limo_humble/install/limo_description/lib/pkgconfig/limo_description.pc'
[1.423s] Level 1:colcon.colcon_core.environment:checking '/root/ws_limo_humble/install/limo_description/lib/python3.10/site-packages'
[1.423s] Level 1:colcon.colcon_core.environment:checking '/root/ws_limo_humble/install/limo_description/bin'
[1.424s] INFO:colcon.colcon_core.shell:Creating package script '/root/ws_limo_humble/install/limo_description/share/limo_description/package.ps1'
[1.425s] INFO:colcon.colcon_core.shell:Creating package descriptor '/root/ws_limo_humble/install/limo_description/share/limo_description/package.dsv'
[1.425s] INFO:colcon.colcon_core.shell:Creating package script '/root/ws_limo_humble/install/limo_description/share/limo_description/package.sh'
[1.426s] INFO:colcon.colcon_core.shell:Creating package script '/root/ws_limo_humble/install/limo_description/share/limo_description/package.bash'
[1.427s] INFO:colcon.colcon_core.shell:Creating package script '/root/ws_limo_humble/install/limo_description/share/limo_description/package.zsh'
[1.427s] Level 1:colcon.colcon_core.environment:create_file_with_runtime_dependencies(/root/ws_limo_humble/install/limo_description/share/colcon-core/packages/limo_description)
[1.428s] Level 1:colcon.colcon_core.environment:create_environment_scripts_only(limo_description)
[1.429s] Level 1:colcon.colcon_core.environment:checking '/root/ws_limo_humble/install/limo_description' for CMake module files
[1.429s] Level 1:colcon.colcon_core.environment:checking '/root/ws_limo_humble/install/limo_description' for CMake config files
[1.430s] Level 1:colcon.colcon_core.shell:create_environment_hook('limo_description', 'cmake_prefix_path')
[1.430s] INFO:colcon.colcon_core.shell:Creating environment hook '/root/ws_limo_humble/install/limo_description/share/limo_description/hook/cmake_prefix_path.ps1'
[1.430s] INFO:colcon.colcon_core.shell:Creating environment descriptor '/root/ws_limo_humble/install/limo_description/share/limo_description/hook/cmake_prefix_path.dsv'
[1.430s] INFO:colcon.colcon_core.shell:Creating environment hook '/root/ws_limo_humble/install/limo_description/share/limo_description/hook/cmake_prefix_path.sh'
[1.431s] Level 1:colcon.colcon_core.environment:checking '/root/ws_limo_humble/install/limo_description/bin'
[1.431s] Level 1:colcon.colcon_core.environment:checking '/root/ws_limo_humble/install/limo_description/lib/pkgconfig/limo_description.pc'
[1.431s] Level 1:colcon.colcon_core.environment:checking '/root/ws_limo_humble/install/limo_description/lib/python3.10/site-packages'
[1.431s] Level 1:colcon.colcon_core.environment:checking '/root/ws_limo_humble/install/limo_description/bin'
[1.431s] INFO:colcon.colcon_core.shell:Creating package script '/root/ws_limo_humble/install/limo_description/share/limo_description/package.ps1'
[1.432s] INFO:colcon.colcon_core.shell:Creating package descriptor '/root/ws_limo_humble/install/limo_description/share/limo_description/package.dsv'
[1.432s] INFO:colcon.colcon_core.shell:Creating package script '/root/ws_limo_humble/install/limo_description/share/limo_description/package.sh'
[1.446s] INFO:colcon.colcon_core.shell:Creating package script '/root/ws_limo_humble/install/limo_description/share/limo_description/package.bash'
[1.447s] INFO:colcon.colcon_core.shell:Creating package script '/root/ws_limo_humble/install/limo_description/share/limo_description/package.zsh'
[1.447s] Level 1:colcon.colcon_core.environment:create_file_with_runtime_dependencies(/root/ws_limo_humble/install/limo_description/share/colcon-core/packages/limo_description)
[1.493s] Level 1:colcon.colcon_core.environment:create_environment_scripts_only(limo_car)
[1.494s] Level 1:colcon.colcon_core.environment:checking '/root/ws_limo_humble/install/limo_car' for CMake module files
[1.494s] DEBUG:colcon.colcon_core.event_handler.log_command:Invoked command in '/root/ws_limo_humble/build/limo_car' returned '0': CMAKE_PREFIX_PATH=/opt/ros/humble /usr/bin/cmake --install /root/ws_limo_humble/build/limo_car
[1.494s] Level 1:colcon.colcon_core.environment:checking '/root/ws_limo_humble/install/limo_car' for CMake config files
[1.495s] Level 1:colcon.colcon_core.shell:create_environment_hook('limo_car', 'cmake_prefix_path')
[1.495s] INFO:colcon.colcon_core.shell:Creating environment hook '/root/ws_limo_humble/install/limo_car/share/limo_car/hook/cmake_prefix_path.ps1'
[1.496s] INFO:colcon.colcon_core.shell:Creating environment descriptor '/root/ws_limo_humble/install/limo_car/share/limo_car/hook/cmake_prefix_path.dsv'
[1.496s] INFO:colcon.colcon_core.shell:Creating environment hook '/root/ws_limo_humble/install/limo_car/share/limo_car/hook/cmake_prefix_path.sh'
[1.496s] Level 1:colcon.colcon_core.environment:checking '/root/ws_limo_humble/install/limo_car/lib'
[1.496s] Level 1:colcon.colcon_core.environment:checking '/root/ws_limo_humble/install/limo_car/bin'
[1.496s] Level 1:colcon.colcon_core.environment:checking '/root/ws_limo_humble/install/limo_car/lib/pkgconfig/limo_car.pc'
[1.497s] Level 1:colcon.colcon_core.environment:checking '/root/ws_limo_humble/install/limo_car/lib/python3.10/site-packages'
[1.497s] Level 1:colcon.colcon_core.environment:checking '/root/ws_limo_humble/install/limo_car/bin'
[1.497s] INFO:colcon.colcon_core.shell:Creating package script '/root/ws_limo_humble/install/limo_car/share/limo_car/package.ps1'
[1.497s] INFO:colcon.colcon_core.shell:Creating package descriptor '/root/ws_limo_humble/install/limo_car/share/limo_car/package.dsv'
[1.498s] INFO:colcon.colcon_core.shell:Creating package script '/root/ws_limo_humble/install/limo_car/share/limo_car/package.sh'
[1.498s] INFO:colcon.colcon_core.shell:Creating package script '/root/ws_limo_humble/install/limo_car/share/limo_car/package.bash'
[1.498s] INFO:colcon.colcon_core.shell:Creating package script '/root/ws_limo_humble/install/limo_car/share/limo_car/package.zsh'
[1.499s] Level 1:colcon.colcon_core.environment:create_file_with_runtime_dependencies(/root/ws_limo_humble/install/limo_car/share/colcon-core/packages/limo_car)
[1.499s] Level 1:colcon.colcon_core.environment:create_environment_scripts_only(limo_car)
[1.499s] Level 1:colcon.colcon_core.environment:checking '/root/ws_limo_humble/install/limo_car' for CMake module files
[1.500s] Level 1:colcon.colcon_core.environment:checking '/root/ws_limo_humble/install/limo_car' for CMake config files
[1.500s] Level 1:colcon.colcon_core.shell:create_environment_hook('limo_car', 'cmake_prefix_path')
[1.501s] INFO:colcon.colcon_core.shell:Creating environment hook '/root/ws_limo_humble/install/limo_car/share/limo_car/hook/cmake_prefix_path.ps1'
[1.501s] INFO:colcon.colcon_core.shell:Creating environment descriptor '/root/ws_limo_humble/install/limo_car/share/limo_car/hook/cmake_prefix_path.dsv'
[1.501s] INFO:colcon.colcon_core.shell:Creating environment hook '/root/ws_limo_humble/install/limo_car/share/limo_car/hook/cmake_prefix_path.sh'
[1.501s] Level 1:colcon.colcon_core.environment:checking '/root/ws_limo_humble/install/limo_car/lib'
[1.502s] Level 1:colcon.colcon_core.environment:checking '/root/ws_limo_humble/install/limo_car/bin'
[1.502s] Level 1:colcon.colcon_core.environment:checking '/root/ws_limo_humble/install/limo_car/lib/pkgconfig/limo_car.pc'
[1.502s] Level 1:colcon.colcon_core.environment:checking '/root/ws_limo_humble/install/limo_car/lib/python3.10/site-packages'
[1.502s] Level 1:colcon.colcon_core.environment:checking '/root/ws_limo_humble/install/limo_car/bin'
[1.502s] INFO:colcon.colcon_core.shell:Creating package script '/root/ws_limo_humble/install/limo_car/share/limo_car/package.ps1'
[1.503s] INFO:colcon.colcon_core.shell:Creating package descriptor '/root/ws_limo_humble/install/limo_car/share/limo_car/package.dsv'
[1.503s] INFO:colcon.colcon_core.shell:Creating package script '/root/ws_limo_humble/install/limo_car/share/limo_car/package.sh'
[1.503s] INFO:colcon.colcon_core.shell:Creating package script '/root/ws_limo_humble/install/limo_car/share/limo_car/package.bash'
[1.503s] INFO:colcon.colcon_core.shell:Creating package script '/root/ws_limo_humble/install/limo_car/share/limo_car/package.zsh'
[1.504s] Level 1:colcon.colcon_core.environment:create_file_with_runtime_dependencies(/root/ws_limo_humble/install/limo_car/share/colcon-core/packages/limo_car)
[2.014s] DEBUG:colcon.colcon_core.event_handler.log_command:Invoked command in '/root/ws_limo_humble/build/limo_msgs' returned '0': CMAKE_PREFIX_PATH=/opt/ros/humble /usr/bin/cmake /root/ws_limo_humble/src/limo_ros2/limo_msgs -DAMENT_CMAKE_SYMLINK_INSTALL=1 -DCMAKE_INSTALL_PREFIX=/root/ws_limo_humble/install/limo_msgs
[2.015s] DEBUG:colcon.colcon_core.event_handler.log_command:Invoking command in '/root/ws_limo_humble/build/limo_msgs': CMAKE_PREFIX_PATH=/opt/ros/humble /usr/bin/cmake --build /root/ws_limo_humble/build/limo_msgs -- -j12 -l12
[3.534s] DEBUG:colcon.colcon_core.event_handler.log_command:Invoked command in '/root/ws_limo_humble/build/limo_msgs' returned '0': CMAKE_PREFIX_PATH=/opt/ros/humble /usr/bin/cmake --build /root/ws_limo_humble/build/limo_msgs -- -j12 -l12
[3.535s] DEBUG:colcon.colcon_core.event_handler.log_command:Invoking command in '/root/ws_limo_humble/build/limo_msgs': CMAKE_PREFIX_PATH=/opt/ros/humble /usr/bin/cmake --install /root/ws_limo_humble/build/limo_msgs
[4.083s] Level 1:colcon.colcon_core.environment:create_environment_scripts_only(limo_msgs)
[4.084s] Level 1:colcon.colcon_core.environment:checking '/root/ws_limo_humble/install/limo_msgs' for CMake module files
[4.084s] DEBUG:colcon.colcon_core.event_handler.log_command:Invoked command in '/root/ws_limo_humble/build/limo_msgs' returned '0': CMAKE_PREFIX_PATH=/opt/ros/humble /usr/bin/cmake --install /root/ws_limo_humble/build/limo_msgs
[4.084s] Level 1:colcon.colcon_core.environment:checking '/root/ws_limo_humble/install/limo_msgs' for CMake config files
[4.085s] Level 1:colcon.colcon_core.shell:create_environment_hook('limo_msgs', 'cmake_prefix_path')
[4.085s] INFO:colcon.colcon_core.shell:Creating environment hook '/root/ws_limo_humble/install/limo_msgs/share/limo_msgs/hook/cmake_prefix_path.ps1'
[4.086s] INFO:colcon.colcon_core.shell:Creating environment descriptor '/root/ws_limo_humble/install/limo_msgs/share/limo_msgs/hook/cmake_prefix_path.dsv'
[4.086s] INFO:colcon.colcon_core.shell:Creating environment hook '/root/ws_limo_humble/install/limo_msgs/share/limo_msgs/hook/cmake_prefix_path.sh'
[4.086s] Level 1:colcon.colcon_core.environment:checking '/root/ws_limo_humble/install/limo_msgs/lib'
[4.086s] Level 1:colcon.colcon_core.shell:create_environment_hook('limo_msgs', 'ld_library_path_lib')
[4.086s] INFO:colcon.colcon_core.shell:Creating environment hook '/root/ws_limo_humble/install/limo_msgs/share/limo_msgs/hook/ld_library_path_lib.ps1'
[4.087s] INFO:colcon.colcon_core.shell:Creating environment descriptor '/root/ws_limo_humble/install/limo_msgs/share/limo_msgs/hook/ld_library_path_lib.dsv'
[4.087s] INFO:colcon.colcon_core.shell:Creating environment hook '/root/ws_limo_humble/install/limo_msgs/share/limo_msgs/hook/ld_library_path_lib.sh'
[4.087s] Level 1:colcon.colcon_core.environment:checking '/root/ws_limo_humble/install/limo_msgs/bin'
[4.087s] Level 1:colcon.colcon_core.environment:checking '/root/ws_limo_humble/install/limo_msgs/lib/pkgconfig/limo_msgs.pc'
[4.087s] Level 1:colcon.colcon_core.environment:checking '/root/ws_limo_humble/install/limo_msgs/lib/python3.10/site-packages'
[4.088s] Level 1:colcon.colcon_core.environment:checking '/root/ws_limo_humble/install/limo_msgs/bin'
[4.088s] INFO:colcon.colcon_core.shell:Creating package script '/root/ws_limo_humble/install/limo_msgs/share/limo_msgs/package.ps1'
[4.088s] INFO:colcon.colcon_core.shell:Creating package descriptor '/root/ws_limo_humble/install/limo_msgs/share/limo_msgs/package.dsv'
[4.089s] INFO:colcon.colcon_core.shell:Creating package script '/root/ws_limo_humble/install/limo_msgs/share/limo_msgs/package.sh'
[4.089s] INFO:colcon.colcon_core.shell:Creating package script '/root/ws_limo_humble/install/limo_msgs/share/limo_msgs/package.bash'
[4.089s] INFO:colcon.colcon_core.shell:Creating package script '/root/ws_limo_humble/install/limo_msgs/share/limo_msgs/package.zsh'
[4.090s] Level 1:colcon.colcon_core.environment:create_file_with_runtime_dependencies(/root/ws_limo_humble/install/limo_msgs/share/colcon-core/packages/limo_msgs)
[4.090s] Level 1:colcon.colcon_core.environment:create_environment_scripts_only(limo_msgs)
[4.090s] Level 1:colcon.colcon_core.environment:checking '/root/ws_limo_humble/install/limo_msgs' for CMake module files
[4.091s] Level 1:colcon.colcon_core.environment:checking '/root/ws_limo_humble/install/limo_msgs' for CMake config files
[4.091s] Level 1:colcon.colcon_core.shell:create_environment_hook('limo_msgs', 'cmake_prefix_path')
[4.092s] INFO:colcon.colcon_core.shell:Creating environment hook '/root/ws_limo_humble/install/limo_msgs/share/limo_msgs/hook/cmake_prefix_path.ps1'
[4.092s] INFO:colcon.colcon_core.shell:Creating environment descriptor '/root/ws_limo_humble/install/limo_msgs/share/limo_msgs/hook/cmake_prefix_path.dsv'
[4.092s] INFO:colcon.colcon_core.shell:Creating environment hook '/root/ws_limo_humble/install/limo_msgs/share/limo_msgs/hook/cmake_prefix_path.sh'
[4.093s] Level 1:colcon.colcon_core.environment:checking '/root/ws_limo_humble/install/limo_msgs/lib'
[4.093s] Level 1:colcon.colcon_core.shell:create_environment_hook('limo_msgs', 'ld_library_path_lib')
[4.093s] INFO:colcon.colcon_core.shell:Creating environment hook '/root/ws_limo_humble/install/limo_msgs/share/limo_msgs/hook/ld_library_path_lib.ps1'
[4.093s] INFO:colcon.colcon_core.shell:Creating environment descriptor '/root/ws_limo_humble/install/limo_msgs/share/limo_msgs/hook/ld_library_path_lib.dsv'
[4.093s] INFO:colcon.colcon_core.shell:Creating environment hook '/root/ws_limo_humble/install/limo_msgs/share/limo_msgs/hook/ld_library_path_lib.sh'
[4.094s] Level 1:colcon.colcon_core.environment:checking '/root/ws_limo_humble/install/limo_msgs/bin'
[4.094s] Level 1:colcon.colcon_core.environment:checking '/root/ws_limo_humble/install/limo_msgs/lib/pkgconfig/limo_msgs.pc'
[4.094s] Level 1:colcon.colcon_core.environment:checking '/root/ws_limo_humble/install/limo_msgs/lib/python3.10/site-packages'
[4.094s] Level 1:colcon.colcon_core.environment:checking '/root/ws_limo_humble/install/limo_msgs/bin'
[4.094s] INFO:colcon.colcon_core.shell:Creating package script '/root/ws_limo_humble/install/limo_msgs/share/limo_msgs/package.ps1'
[4.095s] INFO:colcon.colcon_core.shell:Creating package descriptor '/root/ws_limo_humble/install/limo_msgs/share/limo_msgs/package.dsv'
[4.095s] INFO:colcon.colcon_core.shell:Creating package script '/root/ws_limo_humble/install/limo_msgs/share/limo_msgs/package.sh'
[4.095s] INFO:colcon.colcon_core.shell:Creating package script '/root/ws_limo_humble/install/limo_msgs/share/limo_msgs/package.bash'
[4.096s] INFO:colcon.colcon_core.shell:Creating package script '/root/ws_limo_humble/install/limo_msgs/share/limo_msgs/package.zsh'
[4.096s] Level 1:colcon.colcon_core.environment:create_file_with_runtime_dependencies(/root/ws_limo_humble/install/limo_msgs/share/colcon-core/packages/limo_msgs)
[4.096s] INFO:colcon.colcon_ros.task.ament_cmake.build:Building ROS package in '/root/ws_limo_humble/src/limo_ros2/limo_base' with build type 'ament_cmake'
[4.096s] INFO:colcon.colcon_cmake.task.cmake.build:Building CMake package in '/root/ws_limo_humble/src/limo_ros2/limo_base'
[4.096s] INFO:colcon.colcon_core.shell:Skip shell extension 'powershell' for command environment: Not usable outside of PowerShell
[4.096s] DEBUG:colcon.colcon_core.shell:Skip shell extension 'dsv' for command environment
[4.104s] DEBUG:colcon.colcon_core.event_handler.log_command:Invoking command in '/root/ws_limo_humble/build/limo_base': AMENT_PREFIX_PATH=/root/ws_limo_humble/install/limo_msgs:${AMENT_PREFIX_PATH} CMAKE_PREFIX_PATH=/root/ws_limo_humble/install/limo_msgs:/opt/ros/humble LD_LIBRARY_PATH=/root/ws_limo_humble/install/limo_msgs/lib:${LD_LIBRARY_PATH} PYTHONPATH=/root/ws_limo_humble/install/limo_msgs/local/lib/python3.10/dist-packages:${PYTHONPATH} /usr/bin/cmake /root/ws_limo_humble/src/limo_ros2/limo_base -DAMENT_CMAKE_SYMLINK_INSTALL=1 -DCMAKE_INSTALL_PREFIX=/root/ws_limo_humble/install/limo_base
[5.334s] DEBUG:colcon.colcon_core.event_handler.log_command:Invoked command in '/root/ws_limo_humble/build/limo_base' returned '0': AMENT_PREFIX_PATH=/root/ws_limo_humble/install/limo_msgs:${AMENT_PREFIX_PATH} CMAKE_PREFIX_PATH=/root/ws_limo_humble/install/limo_msgs:/opt/ros/humble LD_LIBRARY_PATH=/root/ws_limo_humble/install/limo_msgs/lib:${LD_LIBRARY_PATH} PYTHONPATH=/root/ws_limo_humble/install/limo_msgs/local/lib/python3.10/dist-packages:${PYTHONPATH} /usr/bin/cmake /root/ws_limo_humble/src/limo_ros2/limo_base -DAMENT_CMAKE_SYMLINK_INSTALL=1 -DCMAKE_INSTALL_PREFIX=/root/ws_limo_humble/install/limo_base
[5.335s] DEBUG:colcon.colcon_core.event_handler.log_command:Invoking command in '/root/ws_limo_humble/build/limo_base': AMENT_PREFIX_PATH=/root/ws_limo_humble/install/limo_msgs:${AMENT_PREFIX_PATH} CMAKE_PREFIX_PATH=/root/ws_limo_humble/install/limo_msgs:/opt/ros/humble LD_LIBRARY_PATH=/root/ws_limo_humble/install/limo_msgs/lib:${LD_LIBRARY_PATH} PYTHONPATH=/root/ws_limo_humble/install/limo_msgs/local/lib/python3.10/dist-packages:${PYTHONPATH} /usr/bin/cmake --build /root/ws_limo_humble/build/limo_base -- -j12 -l12
[13.459s] DEBUG:colcon.colcon_core.event_handler.log_command:Invoked command in '/root/ws_limo_humble/build/limo_base' returned '0': AMENT_PREFIX_PATH=/root/ws_limo_humble/install/limo_msgs:${AMENT_PREFIX_PATH} CMAKE_PREFIX_PATH=/root/ws_limo_humble/install/limo_msgs:/opt/ros/humble LD_LIBRARY_PATH=/root/ws_limo_humble/install/limo_msgs/lib:${LD_LIBRARY_PATH} PYTHONPATH=/root/ws_limo_humble/install/limo_msgs/local/lib/python3.10/dist-packages:${PYTHONPATH} /usr/bin/cmake --build /root/ws_limo_humble/build/limo_base -- -j12 -l12
[13.460s] DEBUG:colcon.colcon_core.event_handler.log_command:Invoking command in '/root/ws_limo_humble/build/limo_base': AMENT_PREFIX_PATH=/root/ws_limo_humble/install/limo_msgs:${AMENT_PREFIX_PATH} CMAKE_PREFIX_PATH=/root/ws_limo_humble/install/limo_msgs:/opt/ros/humble LD_LIBRARY_PATH=/root/ws_limo_humble/install/limo_msgs/lib:${LD_LIBRARY_PATH} PYTHONPATH=/root/ws_limo_humble/install/limo_msgs/local/lib/python3.10/dist-packages:${PYTHONPATH} /usr/bin/cmake --install /root/ws_limo_humble/build/limo_base
[13.675s] Level 1:colcon.colcon_core.environment:create_environment_scripts_only(limo_base)
[13.675s] Level 1:colcon.colcon_core.environment:checking '/root/ws_limo_humble/install/limo_base' for CMake module files
[13.676s] DEBUG:colcon.colcon_core.event_handler.log_command:Invoked command in '/root/ws_limo_humble/build/limo_base' returned '0': AMENT_PREFIX_PATH=/root/ws_limo_humble/install/limo_msgs:${AMENT_PREFIX_PATH} CMAKE_PREFIX_PATH=/root/ws_limo_humble/install/limo_msgs:/opt/ros/humble LD_LIBRARY_PATH=/root/ws_limo_humble/install/limo_msgs/lib:${LD_LIBRARY_PATH} PYTHONPATH=/root/ws_limo_humble/install/limo_msgs/local/lib/python3.10/dist-packages:${PYTHONPATH} /usr/bin/cmake --install /root/ws_limo_humble/build/limo_base
[13.676s] Level 1:colcon.colcon_core.environment:checking '/root/ws_limo_humble/install/limo_base' for CMake config files
[13.676s] Level 1:colcon.colcon_core.shell:create_environment_hook('limo_base', 'cmake_prefix_path')
[13.677s] INFO:colcon.colcon_core.shell:Creating environment hook '/root/ws_limo_humble/install/limo_base/share/limo_base/hook/cmake_prefix_path.ps1'
[13.677s] INFO:colcon.colcon_core.shell:Creating environment descriptor '/root/ws_limo_humble/install/limo_base/share/limo_base/hook/cmake_prefix_path.dsv'
[13.677s] INFO:colcon.colcon_core.shell:Creating environment hook '/root/ws_limo_humble/install/limo_base/share/limo_base/hook/cmake_prefix_path.sh'
[13.678s] Level 1:colcon.colcon_core.environment:checking '/root/ws_limo_humble/install/limo_base/lib'
[13.678s] Level 1:colcon.colcon_core.environment:checking '/root/ws_limo_humble/install/limo_base/bin'
[13.678s] Level 1:colcon.colcon_core.environment:checking '/root/ws_limo_humble/install/limo_base/lib/pkgconfig/limo_base.pc'
[13.678s] Level 1:colcon.colcon_core.environment:checking '/root/ws_limo_humble/install/limo_base/lib/python3.10/site-packages'
[13.678s] Level 1:colcon.colcon_core.environment:checking '/root/ws_limo_humble/install/limo_base/bin'
[13.678s] INFO:colcon.colcon_core.shell:Creating package script '/root/ws_limo_humble/install/limo_base/share/limo_base/package.ps1'
[13.679s] INFO:colcon.colcon_core.shell:Creating package descriptor '/root/ws_limo_humble/install/limo_base/share/limo_base/package.dsv'
[13.679s] INFO:colcon.colcon_core.shell:Creating package script '/root/ws_limo_humble/install/limo_base/share/limo_base/package.sh'
[13.679s] INFO:colcon.colcon_core.shell:Creating package script '/root/ws_limo_humble/install/limo_base/share/limo_base/package.bash'
[13.680s] INFO:colcon.colcon_core.shell:Creating package script '/root/ws_limo_humble/install/limo_base/share/limo_base/package.zsh'
[13.680s] Level 1:colcon.colcon_core.environment:create_file_with_runtime_dependencies(/root/ws_limo_humble/install/limo_base/share/colcon-core/packages/limo_base)
[13.680s] Level 1:colcon.colcon_core.environment:create_environment_scripts_only(limo_base)
[13.680s] Level 1:colcon.colcon_core.environment:checking '/root/ws_limo_humble/install/limo_base' for CMake module files
[13.681s] Level 1:colcon.colcon_core.environment:checking '/root/ws_limo_humble/install/limo_base' for CMake config files
[13.681s] Level 1:colcon.colcon_core.shell:create_environment_hook('limo_base', 'cmake_prefix_path')
[13.681s] INFO:colcon.colcon_core.shell:Creating environment hook '/root/ws_limo_humble/install/limo_base/share/limo_base/hook/cmake_prefix_path.ps1'
[13.682s] INFO:colcon.colcon_core.shell:Creating environment descriptor '/root/ws_limo_humble/install/limo_base/share/limo_base/hook/cmake_prefix_path.dsv'
[13.682s] INFO:colcon.colcon_core.shell:Creating environment hook '/root/ws_limo_humble/install/limo_base/share/limo_base/hook/cmake_prefix_path.sh'
[13.683s] Level 1:colcon.colcon_core.environment:checking '/root/ws_limo_humble/install/limo_base/lib'
[13.683s] Level 1:colcon.colcon_core.environment:checking '/root/ws_limo_humble/install/limo_base/bin'
[13.683s] Level 1:colcon.colcon_core.environment:checking '/root/ws_limo_humble/install/limo_base/lib/pkgconfig/limo_base.pc'
[13.683s] Level 1:colcon.colcon_core.environment:checking '/root/ws_limo_humble/install/limo_base/lib/python3.10/site-packages'
[13.683s] Level 1:colcon.colcon_core.environment:checking '/root/ws_limo_humble/install/limo_base/bin'
[13.683s] INFO:colcon.colcon_core.shell:Creating package script '/root/ws_limo_humble/install/limo_base/share/limo_base/package.ps1'
[13.684s] INFO:colcon.colcon_core.shell:Creating package descriptor '/root/ws_limo_humble/install/limo_base/share/limo_base/package.dsv'
[13.684s] INFO:colcon.colcon_core.shell:Creating package script '/root/ws_limo_humble/install/limo_base/share/limo_base/package.sh'
[13.684s] INFO:colcon.colcon_core.shell:Creating package script '/root/ws_limo_humble/install/limo_base/share/limo_base/package.bash'
[13.685s] INFO:colcon.colcon_core.shell:Creating package script '/root/ws_limo_humble/install/limo_base/share/limo_base/package.zsh'
[13.685s] Level 1:colcon.colcon_core.environment:create_file_with_runtime_dependencies(/root/ws_limo_humble/install/limo_base/share/colcon-core/packages/limo_base)
[13.685s] DEBUG:colcon.colcon_parallel_executor.executor.parallel:closing loop
[13.685s] DEBUG:colcon.colcon_parallel_executor.executor.parallel:loop closed
[13.685s] DEBUG:colcon.colcon_parallel_executor.executor.parallel:run_until_complete finished with '0'
[13.685s] DEBUG:colcon.colcon_core.event_reactor:joining thread
[13.696s] INFO:colcon.colcon_core.plugin_system:Skipping extension 'colcon_notification.desktop_notification.notify_send': Could not find 'notify-send'
[13.696s] INFO:colcon.colcon_core.plugin_system:Skipping extension 'colcon_notification.desktop_notification.terminal_notifier': Not used on non-Darwin systems
[13.696s] INFO:colcon.colcon_core.plugin_system:Skipping extension 'colcon_notification.desktop_notification.win32': Not used on non-Windows systems
[13.696s] INFO:colcon.colcon_notification.desktop_notification:Sending desktop notification using 'notify2'
[13.699s] DEBUG:colcon.colcon_notification.desktop_notification.notify2:Failed to initialize notify2: org.freedesktop.DBus.Error.Spawn.ExecFailed: /usr/bin/dbus-launch terminated abnormally without any error message
[13.699s] DEBUG:colcon.colcon_core.event_reactor:joined thread
[13.700s] INFO:colcon.colcon_core.shell:Creating prefix script '/root/ws_limo_humble/install/local_setup.ps1'
[13.701s] INFO:colcon.colcon_core.shell:Creating prefix util module '/root/ws_limo_humble/install/_local_setup_util_ps1.py'
[13.702s] INFO:colcon.colcon_core.shell:Creating prefix chain script '/root/ws_limo_humble/install/setup.ps1'
[13.703s] INFO:colcon.colcon_core.shell:Creating prefix script '/root/ws_limo_humble/install/local_setup.sh'
[13.703s] INFO:colcon.colcon_core.shell:Creating prefix util module '/root/ws_limo_humble/install/_local_setup_util_sh.py'
[13.704s] INFO:colcon.colcon_core.shell:Creating prefix chain script '/root/ws_limo_humble/install/setup.sh'
[13.704s] INFO:colcon.colcon_core.shell:Creating prefix script '/root/ws_limo_humble/install/local_setup.bash'
[13.705s] INFO:colcon.colcon_core.shell:Creating prefix chain script '/root/ws_limo_humble/install/setup.bash'
[13.706s] INFO:colcon.colcon_core.shell:Creating prefix script '/root/ws_limo_humble/install/local_setup.zsh'
[13.706s] INFO:colcon.colcon_core.shell:Creating prefix chain script '/root/ws_limo_humble/install/setup.zsh'
