[0.009s] Invoking command in '/root/ws_limo_humble/build/limo_description': CMAKE_PREFIX_PATH=/opt/ros/humble /usr/bin/cmake /root/ws_limo_humble/src/limo_ros2/limo_description -DAMENT_CMAKE_SYMLINK_INSTALL=1 -DCMAKE_INSTALL_PREFIX=/root/ws_limo_humble/install/limo_description
[0.143s] -- The C compiler identification is GNU 11.4.0
[0.218s] -- The CXX compiler identification is GNU 11.4.0
[0.226s] -- Detecting C compiler ABI info
[0.289s] -- Detecting C compiler ABI info - done
[0.294s] -- Check for working C compiler: /usr/bin/cc - skipped
[0.295s] -- Detecting C compile features
[0.295s] -- Detecting C compile features - done
[0.299s] -- Detecting CXX compiler ABI info
[0.368s] -- Detecting CXX compiler ABI info - done
[0.373s] -- Check for working CXX compiler: /usr/bin/c++ - skipped
[0.373s] -- Detecting CXX compile features
[0.374s] -- Detecting CXX compile features - done
[0.379s] -- Found ament_cmake: 1.3.14 (/opt/ros/humble/share/ament_cmake/cmake)
[0.505s] -- Found Python3: /usr/bin/python3 (found version "3.10.12") found components: Interpreter 
[0.564s] -- Override CMake install command with custom implementation using symlinks instead of copying resources
[0.601s] -- Found ament_lint_auto: 0.12.15 (/opt/ros/humble/share/ament_lint_auto/cmake)
[0.674s] -- Added test 'copyright' to check source files copyright and LICENSE
[0.679s] -- Added test 'flake8' to check Python code syntax and style conventions
[0.680s] -- Added test 'lint_cmake' to check CMake code style
[0.681s] -- Added test 'pep257' to check Python code against some of the docstring style conventions in PEP 257
[0.684s] -- Added test 'xmllint' to check XML markup files
[0.686s] -- Configuring done
[0.689s] -- Generating done
[0.691s] -- Build files have been written to: /root/ws_limo_humble/build/limo_description
[0.695s] Invoked command in '/root/ws_limo_humble/build/limo_description' returned '0': CMAKE_PREFIX_PATH=/opt/ros/humble /usr/bin/cmake /root/ws_limo_humble/src/limo_ros2/limo_description -DAMENT_CMAKE_SYMLINK_INSTALL=1 -DCMAKE_INSTALL_PREFIX=/root/ws_limo_humble/install/limo_description
[0.697s] Invoking command in '/root/ws_limo_humble/build/limo_description': CMAKE_PREFIX_PATH=/opt/ros/humble /usr/bin/cmake --build /root/ws_limo_humble/build/limo_description -- -j12 -l12
[0.733s] Invoked command in '/root/ws_limo_humble/build/limo_description' returned '0': CMAKE_PREFIX_PATH=/opt/ros/humble /usr/bin/cmake --build /root/ws_limo_humble/build/limo_description -- -j12 -l12
[0.741s] Invoking command in '/root/ws_limo_humble/build/limo_description': CMAKE_PREFIX_PATH=/opt/ros/humble /usr/bin/cmake --install /root/ws_limo_humble/build/limo_description
[0.747s] -- Install configuration: ""
[0.747s] -- Execute custom install script
[0.748s] -- Symlinking: /root/ws_limo_humble/install/limo_description/share/limo_description/launch/display_models_diff.launch.py
[0.756s] -- Symlinking: /root/ws_limo_humble/install/limo_description/share/limo_description/launch/gazebo_models_diff.launch.py
[0.764s] -- Symlinking: /root/ws_limo_humble/install/limo_description/share/limo_description/meshes/limo_base.dae
[0.772s] -- Symlinking: /root/ws_limo_humble/install/limo_description/share/limo_description/meshes/limo_base.stl
[0.780s] -- Symlinking: /root/ws_limo_humble/install/limo_description/share/limo_description/meshes/limo_wheel.dae
[0.789s] -- Symlinking: /root/ws_limo_humble/install/limo_description/share/limo_description/meshes/limo_wheel.stl
[0.797s] -- Symlinking: /root/ws_limo_humble/install/limo_description/share/limo_description/rviz/model_display.rviz
[0.805s] -- Symlinking: /root/ws_limo_humble/install/limo_description/share/limo_description/rviz/urdf.rviz
[0.814s] -- Symlinking: /root/ws_limo_humble/install/limo_description/share/limo_description/urdf/limo_ackerman.gazebo
[0.822s] -- Symlinking: /root/ws_limo_humble/install/limo_description/share/limo_description/urdf/limo_ackerman.xacro
[0.831s] -- Symlinking: /root/ws_limo_humble/install/limo_description/share/limo_description/urdf/limo_four_diff.gazebo
[0.840s] -- Symlinking: /root/ws_limo_humble/install/limo_description/share/limo_description/urdf/limo_four_diff.xacro
[0.847s] -- Symlinking: /root/ws_limo_humble/install/limo_description/share/limo_description/urdf/limo_four_diff_2.gazebo
[0.855s] -- Symlinking: /root/ws_limo_humble/install/limo_description/share/limo_description/urdf/limo_gazebo.gazebo
[0.862s] -- Symlinking: /root/ws_limo_humble/install/limo_description/share/limo_description/urdf/limo_steering_hinge.xacro
[0.870s] -- Symlinking: /root/ws_limo_humble/install/limo_description/share/limo_description/urdf/limo_xacro.xacro
[0.879s] -- Symlinking: /root/ws_limo_humble/install/limo_description/share/ament_index/resource_index/package_run_dependencies/limo_description
[0.887s] -- Symlinking: /root/ws_limo_humble/install/limo_description/share/ament_index/resource_index/parent_prefix_path/limo_description
[0.896s] -- Symlinking: /root/ws_limo_humble/install/limo_description/share/limo_description/environment/ament_prefix_path.sh
[0.905s] -- Symlinking: /root/ws_limo_humble/install/limo_description/share/limo_description/environment/ament_prefix_path.dsv
[0.912s] -- Symlinking: /root/ws_limo_humble/install/limo_description/share/limo_description/environment/path.sh
[0.921s] -- Symlinking: /root/ws_limo_humble/install/limo_description/share/limo_description/environment/path.dsv
[0.929s] -- Symlinking: /root/ws_limo_humble/install/limo_description/share/limo_description/local_setup.bash
[0.937s] -- Symlinking: /root/ws_limo_humble/install/limo_description/share/limo_description/local_setup.sh
[0.946s] -- Symlinking: /root/ws_limo_humble/install/limo_description/share/limo_description/local_setup.zsh
[0.953s] -- Symlinking: /root/ws_limo_humble/install/limo_description/share/limo_description/local_setup.dsv
[0.961s] -- Symlinking: /root/ws_limo_humble/install/limo_description/share/limo_description/package.dsv
[0.969s] -- Symlinking: /root/ws_limo_humble/install/limo_description/share/ament_index/resource_index/packages/limo_description
[0.976s] -- Symlinking: /root/ws_limo_humble/install/limo_description/share/limo_description/cmake/limo_descriptionConfig.cmake
[0.983s] -- Symlinking: /root/ws_limo_humble/install/limo_description/share/limo_description/cmake/limo_descriptionConfig-version.cmake
[0.991s] -- Symlinking: /root/ws_limo_humble/install/limo_description/share/limo_description/package.xml
[1.001s] Invoked command in '/root/ws_limo_humble/build/limo_description' returned '0': CMAKE_PREFIX_PATH=/opt/ros/humble /usr/bin/cmake --install /root/ws_limo_humble/build/limo_description
